Microchip MPLAB XC8 Compiler V2.31

Linker command line:

-W-3 --edf=C:\Users\prelu\Desktop\MP\pic\dat\en_msgs.txt -cn \
  -h+dist/default/production\SLAVE_1.X.production.sym \
  --cmf=dist/default/production\SLAVE_1.X.production.cmf -z -Q16F887 \
  -oC:\Users\prelu\AppData\Local\Temp\seh0.2 --defsym=__MPLAB_BUILD=1 \
  -Mdist/default/production/SLAVE_1.X.production.map -E1 -ver=XC8 Compiler \
  --acfsm=1493 -ASTACK=0110h-016Fh -pstack=STACK -ACODE=00h-07FFhx4 \
  -ASTRCODE=00h-01FFFh -ASTRING=00h-0FFhx32 -ACONST=00h-0FFhx32 \
  -AENTRY=00h-0FFhx32 -ACOMMON=070h-07Fh -ABANK0=020h-06Fh \
  -ABANK1=0A0h-0EFh -ABANK2=0110h-016Fh -ABANK3=0190h-01EFh \
  -ARAM=020h-06Fh,0A0h-0EFh,0110h-016Fh,0190h-01EFh \
  -AABS1=020h-07Fh,0A0h-0EFh,0110h-016Fh,0190h-01EFh -ASFR0=00h-01Fh \
  -ASFR1=080h-09Fh -ASFR2=0100h-010Fh -ASFR3=0180h-018Fh \
  -ACONFIG=02007h-02008h -DCONFIG=2 -AIDLOC=02000h-02003h -DIDLOC=2 \
  -AEEDATA=00h-0FFh/02100h -peeprom_data=EEDATA -DEEDATA=2 -DCODE=2 \
  -DSTRCODE=2 -DSTRING=2 -DCONST=2 -DENTRY=2 \
  -preset_vec=00h,intentry=04h,init,end_init -ppowerup=CODE -pcinit=CODE \
  -pfunctab=ENTRY -k C:\Users\prelu\AppData\Local\Temp\seh0.o \
  dist/default/production\SLAVE_1.X.production.o 

Object code version is 3.11

Machine type is 16F887



                Name                               Link     Load   Length Selector   Space Scale
C:\Users\prelu\AppData\Local\Temp\seh0.o
                end_init                              C        C        3        8       0
                reset_vec                             0        0        3        0       0
                config                             2007     2007        2        0       4
dist/default/production\SLAVE_1.X.production.o
                cinit                                 F        F        A        8       0
                intentry                              4        4        8        8       0
                config                             2007     2007        2        0       4
                text13                               D5       D5       7A        8       0
                text12                              22D      22D        7        8       0
                text11                              21C      21C        9        8       0
                text10                              234      234        6        8       0
                text9                               180      180       2B        8       0
                text8                               23A      23A        4        8       0
                text7                               211      211        B        8       0
                text6                               1F2      1F2       12        8       0
                text5                                19       19       BC        8       0
                text4                               204      204        D        8       0
                text3                               225      225        8        8       0
                text2                               1D4      1D4       1E        8       0
                text1                               1AB      1AB       29        8       0
                maintext                            14F      14F       31        8       0
                cstackBANK0                          20       20       14       20       1
                cstackCOMMON                         70       70        D       70       1
                bssBANK0                             34       34        4       20       1

TOTAL           Name                               Link     Load   Length     Space
        CLASS   STACK          

        CLASS   CODE           
                end_init                              C        C        3         0
                cinit                                 F        F        A         0
                intentry                              4        4        8         0
                reset_vec                             0        0        3         0
                text13                               D5       D5       7A         0
                text12                              22D      22D        7         0
                text11                              21C      21C        9         0
                text10                              234      234        6         0
                text9                               180      180       2B         0
                text8                               23A      23A        4         0
                text7                               211      211        B         0
                text6                               1F2      1F2       12         0
                text5                                19       19       BC         0
                text4                               204      204        D         0
                text3                               225      225        8         0
                text2                               1D4      1D4       1E         0
                text1                               1AB      1AB       29         0
                maintext                            14F      14F       31         0

        CLASS   STRCODE        

        CLASS   STRING         

        CLASS   CONST          

        CLASS   ENTRY          

        CLASS   COMMON         
                cstackCOMMON                         70       70        D         1

        CLASS   BANK0          
                cstackBANK0                          20       20       14         1
                bssBANK0                             34       34        4         1

        CLASS   BANK1          

        CLASS   BANK2          

        CLASS   BANK3          

        CLASS   RAM            

        CLASS   ABS1           
                abs_s1                               7E       7E        2         1

        CLASS   SFR0           

        CLASS   SFR1           

        CLASS   SFR2           

        CLASS   SFR3           

        CLASS   CONFIG         
                config                             2007     2007        2         4

        CLASS   IDLOC          

        CLASS   EEDATA         



SEGMENTS        Name                           Load    Length   Top    Selector   Space  Class     Delta

                reset_vec                      000000  000003  000003         0       0  CODE        2
                intentry                       000004  00023A  00023E         8       0  CODE        2
                cstackBANK0                    000020  000018  000038        20       1  BANK0       1
                cstackCOMMON                   000070  00000D  00007D        70       1  COMMON      1


UNUSED ADDRESS RANGES

        Name                Unused          Largest block    Delta
        BANK0            0038-006F             38           1
        BANK1            00A0-00EF             50           1
        BANK2            0110-016F             60           1
        BANK3            0190-01EF             60           1
        CODE             0003-0003              1           2
                         023E-1FFF            800
        COMMON           007D-007D              1           1
        CONST            0003-0003              1           2
                         023E-1FFF            100
        EEDATA           2100-21FF            100           2
        ENTRY            0003-0003              1           2
                         023E-1FFF            100
        IDLOC            2000-2003              4           2
        RAM              0038-006F             38           1
                         00A0-00EF             50
                         0110-016F             60
                         0190-01EF             60
        SFR0             0000-001F             20           1
        SFR1             0080-009F             20           1
        SFR2             0100-010F             10           1
        SFR3             0180-018F             10           1
        STACK            0110-016F             60           1
        STRCODE          0003-0003              1           2
                         023E-1FFF           1DC2
        STRING           0003-0003              1           2
                         023E-1FFF            100

                                  Symbol Table

?___fltol                cstackCOMMON 0070
?___xxtofl               cstackBANK0  0022
_ADC                     text6        01F2
_ADCON0                  (abs)        001F
_ADCON0bits              (abs)        001F
_ADCON1                  (abs)        009F
_ADRESH                  (abs)        001E
_AD_cycle                text8        023A
_ANSELbits               (abs)        0188
_INTCONbits              (abs)        000B
_PIE1bits                (abs)        008C
_PIR1bits                (abs)        000C
_PORTA                   (abs)        0005
_PORTD                   (abs)        0008
_SSPBUF                  (abs)        0013
_SSPCON                  (abs)        0014
_SSPIF                   (abs)        0063
_SSPSTAT                 (abs)        0094
_SSPSTATbits             (abs)        0094
_TAD                     text7        0211
_TRISAbits               (abs)        0085
_TRISC3                  (abs)        043B
_TRISC5                  (abs)        043D
_TRISD                   (abs)        0088
__Habs1                  abs1         0000
__Hbank0                 bank0        0000
__Hbank1                 bank1        0000
__Hbank2                 bank2        0000
__Hbank3                 bank3        0000
__HbssBANK0              bssBANK0     0000
__Hcinit                 cinit        0019
__Hclrtext               clrtext      0000
__Hcode                  code         0000
__Hcommon                common       0000
__Hconfig                config       2009
__HcstackBANK0           cstackBANK0  0000
__HcstackCOMMON          cstackCOMMON 0000
__Heeprom_data           eeprom_data  0000
__Hend_init              end_init     000F
__Hfunctab               functab      0000
__Hinit                  init         000C
__Hintentry              intentry     000C
__Hmaintext              maintext     0000
__Hpowerup               powerup      0000
__Hram                   ram          0000
__Hreset_vec             reset_vec    0003
__Hsfr0                  sfr0         0000
__Hsfr1                  sfr1         0000
__Hsfr2                  sfr2         0000
__Hsfr3                  sfr3         0000
__Hspace_0               (abs)        023E
__Hspace_1               (abs)        007D
__Hspace_2               (abs)        0000
__Hspace_3               (abs)        0000
__Hspace_4               (abs)        4010
__Hstack                 stack        0000
__Hstrings               strings      0000
__Htext                  text         0000
__Labs1                  abs1         0000
__Lbank0                 bank0        0000
__Lbank1                 bank1        0000
__Lbank2                 bank2        0000
__Lbank3                 bank3        0000
__LbssBANK0              bssBANK0     0000
__Lcinit                 cinit        000F
__Lclrtext               clrtext      0000
__Lcode                  code         0000
__Lcommon                common       0000
__Lconfig                config       0000
__LcstackBANK0           cstackBANK0  0000
__LcstackCOMMON          cstackCOMMON 0000
__Leeprom_data           eeprom_data  0000
__Lend_init              end_init     000C
__Lfunctab               functab      0000
__Linit                  init         000C
__Lintentry              intentry     0004
__Lmaintext              maintext     0000
__Lpowerup               powerup      0000
__Lram                   ram          0000
__Lreset_vec             reset_vec    0000
__Lsfr0                  sfr0         0000
__Lsfr1                  sfr1         0000
__Lsfr2                  sfr2         0000
__Lsfr3                  sfr3         0000
__Lspace_0               (abs)        0000
__Lspace_1               (abs)        0000
__Lspace_2               (abs)        0000
__Lspace_3               (abs)        0000
__Lspace_4               (abs)        0000
__Lstack                 stack        0000
__Lstrings               strings      0000
__Ltext                  text         0000
__S0                     (abs)        023E
__S1                     (abs)        007D
__S2                     (abs)        0000
__S3                     (abs)        0000
___fltol                 text13       00D5
___fltol@exp1            cstackCOMMON 007A
___fltol@f1              cstackCOMMON 0070
___fltol@sign1           cstackCOMMON 0079
___int_sp                stack        0000
___latbits               (abs)        0002
___sp                    stack        0000
___stackhi               (abs)        0000
___stacklo               (abs)        0000
___xxtofl                text5        0019
___xxtofl@arg            cstackBANK0  002C
___xxtofl@exp            cstackBANK0  002B
___xxtofl@sign           cstackBANK0  002A
___xxtofl@val            cstackBANK0  0022
__end_of_ADC             text6        0204
__end_of_AD_cycle        text8        023E
__end_of_TAD             text7        021C
__end_of___fltol         text13       014F
__end_of___xxtofl        text5        00D5
__end_of__initialization cinit        0015
__end_of_conf_ADC        text3        022D
__end_of_isr             text9        01AB
__end_of_main            maintext     0180
__end_of_mapeo           text4        0211
__end_of_setup           text1        01D4
__end_of_spiInit         text2        01F2
__end_of_spiRead         text11       0225
__end_of_spiReceiveWait  text12       0234
__end_of_spiWrite        text10       023A
__initialization         cinit        000F
__pbssBANK0              bssBANK0     0034
__pcstackBANK0           cstackBANK0  0020
__pcstackCOMMON          cstackCOMMON 0070
__pintentry              intentry     0004
__pmaintext              maintext     014F
__ptext1                 text1        01AB
__ptext10                text10       0234
__ptext11                text11       021C
__ptext12                text12       022D
__ptext13                text13       00D5
__ptext2                 text2        01D4
__ptext3                 text3        0225
__ptext4                 text4        0204
__ptext5                 text5        0019
__ptext6                 text6        01F2
__ptext7                 text7        0211
__ptext8                 text8        023A
__ptext9                 text9        0180
__size_of_ADC            (abs)        0000
__size_of_AD_cycle       (abs)        0000
__size_of_TAD            (abs)        0000
__size_of___fltol        (abs)        0000
__size_of___xxtofl       (abs)        0000
__size_of_conf_ADC       (abs)        0000
__size_of_isr            (abs)        0000
__size_of_main           (abs)        0000
__size_of_mapeo          (abs)        0000
__size_of_setup          (abs)        0000
__size_of_spiInit        (abs)        0000
__size_of_spiRead        (abs)        0000
__size_of_spiReceiveWait (abs)        0000
__size_of_spiWrite       (abs)        0000
_conf_ADC                text3        0225
_isr                     text9        0180
_main                    maintext     014F
_map                     bssBANK0     0034
_mapeo                   text4        0204
_setup                   text1        01AB
_spiInit                 text2        01D4
_spiRead                 text11       021C
_spiReceiveWait          text12       022D
_spiWrite                text10       0234
btemp                    (abs)        007E
end_of_initialization    cinit        0015
interrupt_function       intentry     0004
intlevel0                functab      0000
intlevel1                functab      0000
intlevel2                functab      0000
intlevel3                functab      0000
intlevel4                functab      0000
intlevel5                functab      0000
mapeo@volt               cstackBANK0  0021
reset_vec                reset_vec    0000
saved_w                  (abs)        007E
spiInit@sClockIdle       cstackBANK0  0021
spiInit@sDataSample      cstackBANK0  0020
spiInit@sTransmitEdge    cstackBANK0  0022
spiInit@sType            cstackBANK0  0023
spiWrite@dat             cstackCOMMON 0070
start                    init         000C
start_initialization     cinit        000F
wtemp0                   (abs)        007E


FUNCTION INFORMATION:

 *************** function _main *****************
 Defined at:
		line 44 in file "SLAVE_1.c"
 Parameters:    Size  Location     Type
		None
 Auto vars:     Size  Location     Type
		None
 Return value:  Size  Location     Type
                  1    wreg      void 
 Registers used:
		wreg, status,2, status,0, pclath, cstack
 Tracked objects:
		On entry : 
		On exit  : 
		Unchanged: 
 Data sizes:     COMMON   BANK0   BANK1   BANK3   BANK2
      Params:         0       0       0       0       0
      Locals:         0       0       0       0       0
      Temps:          0       4       0       0       0
      Totals:         0       4       0       0       0
Total ram usage:        4 bytes
 Hardware stack levels required when called:    5
 This function calls:
		_ADC
		___xxtofl
		_mapeo
		_setup
 This function is called by:
		Startup code after reset
 This function uses a non-reentrant model


 *************** function _setup *****************
 Defined at:
		line 55 in file "SLAVE_1.c"
 Parameters:    Size  Location     Type
		None
 Auto vars:     Size  Location     Type
		None
 Return value:  Size  Location     Type
                  1    wreg      void 
 Registers used:
		wreg, status,2, status,0, pclath, cstack
 Tracked objects:
		On entry : 
		On exit  : 
		Unchanged: 
 Data sizes:     COMMON   BANK0   BANK1   BANK3   BANK2
      Params:         0       0       0       0       0
      Locals:         0       0       0       0       0
      Temps:          0       0       0       0       0
      Totals:         0       0       0       0       0
Total ram usage:        0 bytes
 Hardware stack levels used:    1
 Hardware stack levels required when called:    4
 This function calls:
		_conf_ADC
		_spiInit
 This function is called by:
		_main
 This function uses a non-reentrant model


 *************** function _spiInit *****************
 Defined at:
		line 3 in file "../MASTER.X/SPI.c"
 Parameters:    Size  Location     Type
  sType           1    wreg     enum E1264
  sDataSample     1    0[BANK0 ] enum E1272
  sClockIdle      1    1[BANK0 ] enum E1276
  sTransmitEdg    1    2[BANK0 ] enum E1280
 Auto vars:     Size  Location     Type
  sType           1    3[BANK0 ] enum E1264
 Return value:  Size  Location     Type
                  1    wreg      void 
 Registers used:
		wreg, status,2, status,0
 Tracked objects:
		On entry : 
		On exit  : 
		Unchanged: 
 Data sizes:     COMMON   BANK0   BANK1   BANK3   BANK2
      Params:         0       3       0       0       0
      Locals:         0       1       0       0       0
      Temps:          0       0       0       0       0
      Totals:         0       4       0       0       0
Total ram usage:        4 bytes
 Hardware stack levels used:    1
 Hardware stack levels required when called:    3
 This function calls:
		Nothing
 This function is called by:
		_setup
 This function uses a non-reentrant model


 *************** function _conf_ADC *****************
 Defined at:
		line 6 in file "../../../LIBRERIAS/ADC/ADC.c"
 Parameters:    Size  Location     Type
		None
 Auto vars:     Size  Location     Type
		None
 Return value:  Size  Location     Type
                  1    wreg      void 
 Registers used:
		wreg, status,2
 Tracked objects:
		On entry : 
		On exit  : 
		Unchanged: 
 Data sizes:     COMMON   BANK0   BANK1   BANK3   BANK2
      Params:         0       0       0       0       0
      Locals:         0       0       0       0       0
      Temps:          0       0       0       0       0
      Totals:         0       0       0       0       0
Total ram usage:        0 bytes
 Hardware stack levels used:    1
 Hardware stack levels required when called:    3
 This function calls:
		Nothing
 This function is called by:
		_setup
 This function uses a non-reentrant model


 *************** function _mapeo *****************
 Defined at:
		line 80 in file "SLAVE_1.c"
 Parameters:    Size  Location     Type
		None
 Auto vars:     Size  Location     Type
  volt            1    1[BANK0 ] unsigned char 
 Return value:  Size  Location     Type
                  1    wreg      unsigned char 
 Registers used:
		wreg
 Tracked objects:
		On entry : 
		On exit  : 
		Unchanged: 
 Data sizes:     COMMON   BANK0   BANK1   BANK3   BANK2
      Params:         0       0       0       0       0
      Locals:         0       1       0       0       0
      Temps:          0       1       0       0       0
      Totals:         0       2       0       0       0
Total ram usage:        2 bytes
 Hardware stack levels used:    1
 Hardware stack levels required when called:    3
 This function calls:
		Nothing
 This function is called by:
		_main
 This function uses a non-reentrant model


 *************** function ___xxtofl *****************
 Defined at:
		line 10 in file "C:\Users\prelu\Desktop\MP\pic\sources\c90\common\xxtofl.c"
 Parameters:    Size  Location     Type
  sign            1    wreg     unsigned char 
  val             4    2[BANK0 ] long 
 Auto vars:     Size  Location     Type
  sign            1   10[BANK0 ] unsigned char 
  arg             4   12[BANK0 ] unsigned long 
  exp             1   11[BANK0 ] unsigned char 
 Return value:  Size  Location     Type
                  4    2[BANK0 ] unsigned char 
 Registers used:
		wreg, status,2, status,0
 Tracked objects:
		On entry : 
		On exit  : 
		Unchanged: 
 Data sizes:     COMMON   BANK0   BANK1   BANK3   BANK2
      Params:         0       4       0       0       0
      Locals:         0       6       0       0       0
      Temps:          0       4       0       0       0
      Totals:         0      14       0       0       0
Total ram usage:       14 bytes
 Hardware stack levels used:    1
 Hardware stack levels required when called:    3
 This function calls:
		Nothing
 This function is called by:
		_main
 This function uses a non-reentrant model


 *************** function _ADC *****************
 Defined at:
		line 73 in file "SLAVE_1.c"
 Parameters:    Size  Location     Type
		None
 Auto vars:     Size  Location     Type
		None
 Return value:  Size  Location     Type
                  1    wreg      void 
 Registers used:
		status,2, status,0, pclath, cstack
 Tracked objects:
		On entry : 
		On exit  : 
		Unchanged: 
 Data sizes:     COMMON   BANK0   BANK1   BANK3   BANK2
      Params:         0       0       0       0       0
      Locals:         0       0       0       0       0
      Temps:          0       0       0       0       0
      Totals:         0       0       0       0       0
Total ram usage:        0 bytes
 Hardware stack levels used:    1
 Hardware stack levels required when called:    4
 This function calls:
		_AD_cycle
		_TAD
 This function is called by:
		_main
 This function uses a non-reentrant model


 *************** function _TAD *****************
 Defined at:
		line 16 in file "../../../LIBRERIAS/ADC/ADC.c"
 Parameters:    Size  Location     Type
		None
 Auto vars:     Size  Location     Type
		None
 Return value:  Size  Location     Type
                  1    wreg      void 
 Registers used:
		None
 Tracked objects:
		On entry : 
		On exit  : 
		Unchanged: 
 Data sizes:     COMMON   BANK0   BANK1   BANK3   BANK2
      Params:         0       0       0       0       0
      Locals:         0       0       0       0       0
      Temps:          0       0       0       0       0
      Totals:         0       0       0       0       0
Total ram usage:        0 bytes
 Hardware stack levels used:    1
 Hardware stack levels required when called:    3
 This function calls:
		Nothing
 This function is called by:
		_ADC
 This function uses a non-reentrant model


 *************** function _AD_cycle *****************
 Defined at:
		line 11 in file "../../../LIBRERIAS/ADC/ADC.c"
 Parameters:    Size  Location     Type
		None
 Auto vars:     Size  Location     Type
		None
 Return value:  Size  Location     Type
                  1    wreg      void 
 Registers used:
		None
 Tracked objects:
		On entry : 
		On exit  : 
		Unchanged: 
 Data sizes:     COMMON   BANK0   BANK1   BANK3   BANK2
      Params:         0       0       0       0       0
      Locals:         0       0       0       0       0
      Temps:          0       0       0       0       0
      Totals:         0       0       0       0       0
Total ram usage:        0 bytes
 Hardware stack levels used:    1
 Hardware stack levels required when called:    3
 This function calls:
		Nothing
 This function is called by:
		_ADC
 This function uses a non-reentrant model


 *************** function _isr *****************
 Defined at:
		line 37 in file "SLAVE_1.c"
 Parameters:    Size  Location     Type
		None
 Auto vars:     Size  Location     Type
		None
 Return value:  Size  Location     Type
                  1    wreg      void 
 Registers used:
		wreg, status,2, status,0, pclath, cstack
 Tracked objects:
		On entry : 
		On exit  : 
		Unchanged: 
 Data sizes:     COMMON   BANK0   BANK1   BANK3   BANK2
      Params:         0       0       0       0       0
      Locals:         0       0       0       0       0
      Temps:          2       0       0       0       0
      Totals:         2       0       0       0       0
Total ram usage:        2 bytes
 Hardware stack levels used:    1
 Hardware stack levels required when called:    2
 This function calls:
		___fltol
		_spiRead
		_spiWrite
 This function is called by:
		Interrupt level 1
 This function uses a non-reentrant model


 *************** function _spiWrite *****************
 Defined at:
		line 25 in file "../MASTER.X/SPI.c"
 Parameters:    Size  Location     Type
  dat             1    wreg     unsigned char 
 Auto vars:     Size  Location     Type
  dat             1    0[COMMON] unsigned char 
 Return value:  Size  Location     Type
                  1    wreg      void 
 Registers used:
		wreg
 Tracked objects:
		On entry : 
		On exit  : 
		Unchanged: 
 Data sizes:     COMMON   BANK0   BANK1   BANK3   BANK2
      Params:         0       0       0       0       0
      Locals:         1       0       0       0       0
      Temps:          0       0       0       0       0
      Totals:         1       0       0       0       0
Total ram usage:        1 bytes
 Hardware stack levels used:    1
 This function calls:
		Nothing
 This function is called by:
		_isr
 This function uses a non-reentrant model


 *************** function _spiRead *****************
 Defined at:
		line 38 in file "../MASTER.X/SPI.c"
 Parameters:    Size  Location     Type
		None
 Auto vars:     Size  Location     Type
		None
 Return value:  Size  Location     Type
                  1    wreg      unsigned char 
 Registers used:
		wreg, status,2, status,0, pclath, cstack
 Tracked objects:
		On entry : 
		On exit  : 
		Unchanged: 
 Data sizes:     COMMON   BANK0   BANK1   BANK3   BANK2
      Params:         0       0       0       0       0
      Locals:         0       0       0       0       0
      Temps:          0       0       0       0       0
      Totals:         0       0       0       0       0
Total ram usage:        0 bytes
 Hardware stack levels used:    1
 Hardware stack levels required when called:    1
 This function calls:
		_spiReceiveWait
 This function is called by:
		_isr
 This function uses a non-reentrant model


 *************** function _spiReceiveWait *****************
 Defined at:
		line 20 in file "../MASTER.X/SPI.c"
 Parameters:    Size  Location     Type
		None
 Auto vars:     Size  Location     Type
		None
 Return value:  Size  Location     Type
                  1    wreg      void 
 Registers used:
		None
 Tracked objects:
		On entry : 
		On exit  : 
		Unchanged: 
 Data sizes:     COMMON   BANK0   BANK1   BANK3   BANK2
      Params:         0       0       0       0       0
      Locals:         0       0       0       0       0
      Temps:          0       0       0       0       0
      Totals:         0       0       0       0       0
Total ram usage:        0 bytes
 Hardware stack levels used:    1
 This function calls:
		Nothing
 This function is called by:
		_spiRead
 This function uses a non-reentrant model


 *************** function ___fltol *****************
 Defined at:
		line 43 in file "C:\Users\prelu\Desktop\MP\pic\sources\c90\common\fltol.c"
 Parameters:    Size  Location     Type
  f1              4    0[COMMON] void 
 Auto vars:     Size  Location     Type
  exp1            1   10[COMMON] unsigned char 
  sign1           1    9[COMMON] unsigned char 
 Return value:  Size  Location     Type
                  4    0[COMMON] long 
 Registers used:
		wreg, status,2, status,0
 Tracked objects:
		On entry : 
		On exit  : 
		Unchanged: 
 Data sizes:     COMMON   BANK0   BANK1   BANK3   BANK2
      Params:         4       0       0       0       0
      Locals:         2       0       0       0       0
      Temps:          5       0       0       0       0
      Totals:        11       0       0       0       0
Total ram usage:       11 bytes
 Hardware stack levels used:    1
 This function calls:
		Nothing
 This function is called by:
		_isr
 This function uses a non-reentrant model



MODULE INFORMATION

Module		Function		Class		Link	Load	Size
C:\Users\prelu\Desktop\MP\pic\sources\c90\common\xxtofl.c
		___xxtofl      		CODE           	0019	0000	188

C:\Users\prelu\Desktop\MP\pic\sources\c90\common\xxtofl.c estimated size: 188

C:\Users\prelu\Desktop\MP\pic\sources\c90\common\fltol.c
		___fltol       		CODE           	00D5	0000	122

C:\Users\prelu\Desktop\MP\pic\sources\c90\common\fltol.c estimated size: 122

SLAVE_1.c
		_ADC           		CODE           	01F2	0000	18
		_main          		CODE           	014F	0000	49
		_isr           		CODE           	0180	0000	43
		_setup         		CODE           	01AB	0000	41
		_mapeo         		CODE           	0204	0000	13

SLAVE_1.c estimated size: 164

shared
		__initialization		CODE           	000F	0000	6

shared estimated size: 6

../MASTER.X/SPI.c
		_spiWrite      		CODE           	0234	0000	6
		_spiInit       		CODE           	01D4	0000	30
		_spiReceiveWait		CODE           	022D	0000	7
		_spiRead       		CODE           	021C	0000	9

../MASTER.X/SPI.c estimated size: 52

../../../LIBRERIAS/ADC/ADC.c
		_TAD           		CODE           	0211	0000	11
		_conf_ADC      		CODE           	0225	0000	8
		_AD_cycle      		CODE           	023A	0000	4

../../../LIBRERIAS/ADC/ADC.c estimated size: 23

